// Jest Snapshot v1, https://goo.gl/fbAQLP

exports[`Header.vue open dialog about 1`] = `
<div>
  <header class="header v-sheet theme--light v-toolbar v-app-bar" style="height: 100px; margin-top: 0px; transform: translateY(0px); left: 0px; right: 0px;">
    <div class="v-toolbar__content" style="height: 100px;"><img src="@/assets/geoguessLogo.png" class="header__logo">
      <div class="flex-grow-1"></div>
      <nav class="header__nav"><button type="button" class="v-btn v-btn--flat v-btn--text theme--light v-size--default" id="historyBtn"><span class="v-btn__content">HISTORY</span></button>
        <div class="header__nav__btns"><button type="button" class="v-btn v-btn--flat v-btn--text theme--light v-size--default" id="aboutBtn"><span class="v-btn__content"><i aria-hidden="true" class="v-icon notranslate mdi mdi-help-circle theme--light" style="font-size: 30px;"></i></span></button>
          <div class="v-menu"><button type="button" class="v-btn v-btn--flat v-btn--text theme--light v-size--default" id="languageBtn"><span class="v-btn__content"><i aria-hidden="true" class="v-icon notranslate mdi mdi-translate theme--light" style="font-size: 30px;"></i></span></button>
            <!---->
          </div>
        </div>
      </nav>
      <div role="dialog" class="v-dialog__container">
        <!---->
      </div>
      <div role="dialog" class="v-dialog__container">
        <!---->
      </div>
    </div>
  </header>
</div>
`;

exports[`Header.vue open dialog hist 1`] = `
<div>
  <header class="header v-sheet theme--light v-toolbar v-app-bar" style="height: 100px; margin-top: 0px; transform: translateY(0px); left: 0px; right: 0px;">
    <div class="v-toolbar__content" style="height: 100px;"><img src="@/assets/geoguessLogo.png" class="header__logo">
      <div class="flex-grow-1"></div>
      <nav class="header__nav"><button type="button" class="v-btn v-btn--flat v-btn--text theme--light v-size--default" id="historyBtn"><span class="v-btn__content">HISTORY</span></button>
        <div class="header__nav__btns"><button type="button" class="v-btn v-btn--flat v-btn--text theme--light v-size--default" id="aboutBtn"><span class="v-btn__content"><i aria-hidden="true" class="v-icon notranslate mdi mdi-help-circle theme--light" style="font-size: 30px;"></i></span></button>
          <div class="v-menu"><button type="button" class="v-btn v-btn--flat v-btn--text theme--light v-size--default" id="languageBtn"><span class="v-btn__content"><i aria-hidden="true" class="v-icon notranslate mdi mdi-translate theme--light" style="font-size: 30px;"></i></span></button>
            <!---->
          </div>
        </div>
      </nav>
      <div role="dialog" class="v-dialog__container">
        <!---->
      </div>
      <div role="dialog" class="v-dialog__container">
        <!---->
      </div>
    </div>
  </header>
</div>
`;

exports[`Header.vue switchLanguage method 1`] = `
<div>
  <v-app-bar-stub height="100" tag="header" extensionheight="48" src="" value="true" class="header"><img src="@/assets/geoguessLogo.png" class="header__logo">
    <div class="flex-grow-1"></div>
    <nav class="header__nav">
      <v-btn-stub tag="button" activeclass="" text="true" type="button" id="historyBtn">HISTORY</v-btn-stub>
      <div class="header__nav__btns">
        <v-btn-stub tag="button" activeclass="" text="true" type="button" id="aboutBtn">
          <v-icon-stub size="30">mdi-help-circle</v-icon-stub>
        </v-btn-stub>
        <v-menu-stub opendelay="0" closedelay="0" contentclass="" maxwidth="auto" nudgebottom="0" nudgeleft="0" nudgeright="0" nudgetop="0" nudgewidth="0" openonclick="true" closeonclick="true" closeoncontentclick="true" maxheight="auto" origin="top left" transition="v-menu-transition">
          <v-list-stub tag="div" id="menuLanguage">
            <v-list-item-stub activeclass="" tag="div">
              <v-list-item-title-stub>English</v-list-item-title-stub>
            </v-list-item-stub>
            <v-list-item-stub activeclass="" tag="div">
              <v-list-item-title-stub>Français</v-list-item-title-stub>
            </v-list-item-stub>
            <v-list-item-stub activeclass="" tag="div">
              <v-list-item-title-stub>Deutsch</v-list-item-title-stub>
            </v-list-item-stub>
            <v-list-item-stub activeclass="" tag="div">
              <v-list-item-title-stub>čeština</v-list-item-title-stub>
            </v-list-item-stub>
            <v-list-item-stub activeclass="" tag="div">
              <v-list-item-title-stub>日本語</v-list-item-title-stub>
            </v-list-item-stub>
          </v-list-stub>
        </v-menu-stub>
      </div>
    </nav>
    <v-dialog-stub opendelay="0" closedelay="0" contentclass="" maxwidth="none" origin="center center" retainfocus="true" transition="dialog-transition" width="auto">
      <history-stub history=""></history-stub>
    </v-dialog-stub>
    <v-dialog-stub opendelay="0" closedelay="0" contentclass="" maxwidth="none" origin="center center" retainfocus="true" transition="dialog-transition" width="auto">
      <about-stub></about-stub>
    </v-dialog-stub>
  </v-app-bar-stub>
</div>
`;
